17:52:51 **** Auto Build of configuration Debug for project lv_1_app ****
make all 
'Building file: ../src/helloworld.c'
'Invoking: MicroBlaze gcc compiler'
mb-gcc -Wall -O0 -g3 -c -fmessage-length=0 -I../../lv1_app_bsp/microblaze_0/include -mxl-barrel-shift -mxl-pattern-compare -mcpu=v8.50.c -mno-xl-soft-mul -Wl,--no-relax -ffunction-sections -fdata-sections -MMD -MP -MF"src/helloworld.d" -MT"src/helloworld.d" -o "src/helloworld.o" "../src/helloworld.c"
'Finished building: ../src/helloworld.c'
' '
'Building target: lv_1_app.elf'
'Invoking: MicroBlaze gcc linker'
mb-gcc -Wl,-T -Wl,../src/lscript.ld -L../../lv1_app_bsp/microblaze_0/lib -mxl-barrel-shift -mxl-pattern-compare -mcpu=v8.50.c -mno-xl-soft-mul -Wl,--no-relax -Wl,--gc-sections -o "lv_1_app.elf"  ./src/helloworld.o ./src/platform.o   -Wl,--start-group,-lxil,-lgcc,-lc,--end-group
'Finished building target: lv_1_app.elf'
' '
'Invoking: MicroBlaze Print Size'
mb-size lv_1_app.elf  |tee "lv_1_app.elf.size"
   text	   data	    bss	    dec	    hex	filename
   7438	    324	   2092	   9854	   267e	lv_1_app.elf
'Finished building: lv_1_app.elf.size'
' '
'Invoking: Xilinx ELF Check'
elfcheck lv_1_app.elf -hw ../../EDK_hw_platform/system.xml -pe microblaze_0  |tee "lv_1_app.elf.elfcheck"
elfcheck
Xilinx EDK 14.7 Build EDK_P.20131013
Copyright (c) 1995-2012 Xilinx, Inc.  All rights reserved.

Command Line: elfcheck -hw ../../EDK_hw_platform/system.xml -pe microblaze_0
lv_1_app.elf 

ELF file	: lv_1_app.elf
elfcheck passed.
'Finished building: lv_1_app.elf.elfcheck'
' '

17:52:55 Build Finished (took 3s.281ms)

